// Vitest Snapshot v1, https://vitest.dev/guide/snapshot.html

exports[`buildBankTransferInstructionsEmail > 件名・本文のスナップショット 1`] = `
{
  "html": "
    <p>テスト太郎 様</p>
    <p>ご注文ありがとうございます。以下の内容でお申し込みを承りました。</p>
    <p>注文番号: SG-20260101-0001</p>
    <ul><li>デジタル会員証 通常 × 1 — 12,000円(税込)</li></ul>
    <p>お振込み金額: 12,000円(税込)</p>
    <p>お振込みの際は、お振込人名の前に<strong>注文番号「SG-20260101-0001」</strong>をご入力ください。</p>
    <p>銀行名: テスト銀行</p><p>支店名: 本店</p><p>口座番号: 1234567</p>
    <p>ご注文から7日以内にお振込みください。期限を過ぎますと、ご注文は自動的にキャンセルとなります。</p>
    <p>入金確認後、担当者より順次デジタル会員証の発行手続きをご案内いたします。</p>
  ",
  "subject": "【お振込みのご案内】注文番号 SG-20260101-0001",
  "text": "テスト太郎 様

ご注文ありがとうございます。以下の内容でお申し込みを承りました。

注文番号: SG-20260101-0001

・デジタル会員証 通常 × 1 — 12,000円(税込)

お振込み金額: 12,000円(税込)

お振込みの際は、お振込人名の前に注文番号「SG-20260101-0001」をご入力ください。

銀行名: テスト銀行
支店名: 本店
口座番号: 1234567

ご注文から7日以内にお振込みください。期限を過ぎますと、ご注文は自動的にキャンセルとなります。

入金確認後、担当者より順次デジタル会員証の発行手続きをご案内いたします。",
  "to": "test@example.com",
}
`;
