// Vitest Snapshot v1, https://vitest.dev/guide/snapshot.html

exports[`buildPasswordResetEmail > 件名・本文のスナップショット 1`] = `
{
  "html": "
    <p>テスト太郎 様</p>
    <p>パスワード再設定のリクエストを受け付けました。以下のリンクから新しいパスワードを設定してください。</p>
    <p><a href="http://localhost:5173/password-reset/confirm?token=token123">パスワードを再設定する</a></p>
    <p>このリンクの有効期限は72時間です。心当たりがない場合は、本メールを破棄してください。</p>
  ",
  "subject": "パスワード再設定のご案内",
  "text": "テスト太郎 様

パスワード再設定のリクエストを受け付けました。以下のリンクから新しいパスワードを設定してください。

パスワードを再設定する: http://localhost:5173/password-reset/confirm?token=token123

このリンクの有効期限は72時間です。心当たりがない場合は、本メールを破棄してください。",
  "to": "test@example.com",
}
`;
