// Vitest Snapshot v1, https://vitest.dev/guide/snapshot.html

exports[`buildPurchaseCompleteEmail > 件名・本文(html/text)のスナップショット 1`] = `
{
  "html": "
    <p>テスト太郎 様</p>
    <p>ご購入ありがとうございます。以下の内容で注文を承りました。</p>
    <p>注文番号: SG-20260101-0001</p>
    <ul><li>デジタル会員証 通常 × 1 — 12,000円(税込)</li></ul>
    <p>合計金額: 12,000円(税込)</p>
    <p>デジタル会員証の受け取りには、受取用ウォレットの登録が必要です。<br />
    <a href="/mypage/wallet">こちらから登録手続き</a>を行ってください。</p>
    <p>購入履歴・発行状況は<a href="/mypage">マイページ</a>からご確認いただけます。</p>
  ",
  "subject": "【ご購入ありがとうございます】注文番号 SG-20260101-0001",
  "text": "テスト太郎 様

ご購入ありがとうございます。以下の内容で注文を承りました。

注文番号: SG-20260101-0001

・デジタル会員証 通常 × 1 — 12,000円(税込)

合計金額: 12,000円(税込)

デジタル会員証の受け取りには、受取用ウォレットの登録が必要です。
/mypage/wallet

購入履歴・発行状況はマイページからご確認いただけます。
/mypage",
  "to": "test@example.com",
}
`;
